// Jest Snapshot v1, https://goo.gl/fbAQLP

exports[`Run sample test suite on Basket should render without blowing up 1`] = `
ShallowWrapper {
  Symbol(enzyme.__root__): [Circular],
  Symbol(enzyme.__unrendered__): <Basket />,
  Symbol(enzyme.__renderer__): Object {
    "batchedUpdates": [Function],
    "getNode": [Function],
    "render": [Function],
    "simulateError": [Function],
    "simulateEvent": [Function],
    "unmount": [Function],
  },
  Symbol(enzyme.__node__): Object {
    "instance": null,
    "key": undefined,
    "nodeType": "host",
    "props": Object {
      "children": <React.Fragment>
        <p
          className="quantity"
          data-test="quantity"
        >
          Current Basket quantity of: 0
        </p>
        <Add
          onClick={[Function]}
        />
        <CheckoutButton
          disabled={true}
          onClick={[Function]}
        />
      </React.Fragment>,
      "className": "basket",
    },
    "ref": null,
    "rendered": Object {
      "instance": null,
      "key": undefined,
      "nodeType": "function",
      "props": Object {
        "children": Array [
          <p
            className="quantity"
            data-test="quantity"
          >
            Current Basket quantity of: 0
          </p>,
          <Add
            onClick={[Function]}
          />,
          <CheckoutButton
            disabled={true}
            onClick={[Function]}
          />,
        ],
      },
      "ref": null,
      "rendered": Array [
        Object {
          "instance": null,
          "key": undefined,
          "nodeType": "host",
          "props": Object {
            "children": "Current Basket quantity of: 0",
            "className": "quantity",
            "data-test": "quantity",
          },
          "ref": null,
          "rendered": "Current Basket quantity of: 0",
          "type": "p",
        },
        Object {
          "instance": null,
          "key": undefined,
          "nodeType": "function",
          "props": Object {
            "disabled": undefined,
            "onClick": [Function],
          },
          "ref": null,
          "rendered": null,
          "type": [Function],
        },
        Object {
          "instance": null,
          "key": undefined,
          "nodeType": "function",
          "props": Object {
            "disabled": true,
            "onClick": [Function],
          },
          "ref": null,
          "rendered": null,
          "type": [Function],
        },
      ],
      "type": Symbol(react.fragment),
    },
    "type": "div",
  },
  Symbol(enzyme.__nodes__): Array [
    Object {
      "instance": null,
      "key": undefined,
      "nodeType": "host",
      "props": Object {
        "children": <React.Fragment>
          <p
            className="quantity"
            data-test="quantity"
          >
            Current Basket quantity of: 0
          </p>
          <Add
            onClick={[Function]}
          />
          <CheckoutButton
            disabled={true}
            onClick={[Function]}
          />
        </React.Fragment>,
        "className": "basket",
      },
      "ref": null,
      "rendered": Object {
        "instance": null,
        "key": undefined,
        "nodeType": "function",
        "props": Object {
          "children": Array [
            <p
              className="quantity"
              data-test="quantity"
            >
              Current Basket quantity of: 0
            </p>,
            <Add
              onClick={[Function]}
            />,
            <CheckoutButton
              disabled={true}
              onClick={[Function]}
            />,
          ],
        },
        "ref": null,
        "rendered": Array [
          Object {
            "instance": null,
            "key": undefined,
            "nodeType": "host",
            "props": Object {
              "children": "Current Basket quantity of: 0",
              "className": "quantity",
              "data-test": "quantity",
            },
            "ref": null,
            "rendered": "Current Basket quantity of: 0",
            "type": "p",
          },
          Object {
            "instance": null,
            "key": undefined,
            "nodeType": "function",
            "props": Object {
              "disabled": undefined,
              "onClick": [Function],
            },
            "ref": null,
            "rendered": null,
            "type": [Function],
          },
          Object {
            "instance": null,
            "key": undefined,
            "nodeType": "function",
            "props": Object {
              "disabled": true,
              "onClick": [Function],
            },
            "ref": null,
            "rendered": null,
            "type": [Function],
          },
        ],
        "type": Symbol(react.fragment),
      },
      "type": "div",
    },
  ],
  Symbol(enzyme.__options__): Object {
    "adapter": ReactSixteenAdapter {
      "options": Object {
        "enableComponentDidUpdateOnSetState": true,
        "lifecycles": Object {
          "componentDidUpdate": Object {
            "onSetState": true,
          },
          "getDerivedStateFromProps": true,
          "getSnapshotBeforeUpdate": true,
          "setState": Object {
            "skipsComponentDidUpdateOnNullish": true,
          },
        },
      },
    },
  },
}
`;
